// Jest Snapshot v1, https://goo.gl/fbAQLP

exports[`#fetchGroups should collect data 1`] = `
Object {
  "collectedEntities": Array [
    Object {
      "_class": Array [
        "Account",
      ],
      "_key": "zendesk_account:jupiterone-dev",
      "_rawData": Array [
        Object {
          "name": "default",
          "rawData": Object {
            "multiproduct": true,
            "name": "JupiterOne",
            "owner_id": 420755677092,
            "sandbox": false,
            "subdomain": "jupiterone-dev",
            "time_format": 24,
            "time_zone": "America/New_York",
            "url": "https://jupiterone-dev.zendesk.com",
          },
        },
      ],
      "_type": "zendesk_account",
      "accessURL": "https://jupiterone-dev.zendesk.com",
      "accountId": "jupiterone-dev",
      "createdOn": undefined,
      "displayName": "JupiterOne",
      "name": "JupiterOne",
    },
    Object {
      "_class": Array [
        "Group",
      ],
      "_key": "zendesk_group:360021738231",
      "_rawData": Array [
        Object {
          "name": "default",
          "rawData": Object {
            "created_at": "2021-10-10T20:49:30Z",
            "default": true,
            "deleted": false,
            "description": "",
            "id": 360021738231,
            "name": "Support",
            "updated_at": "2021-10-10T20:49:30Z",
            "url": "https://jupiterone-dev.zendesk.com/api/v2/groups/360021738231.json",
          },
        },
      ],
      "_type": "zendesk_group",
      "createdAt": "2021-10-10T20:49:30Z",
      "createdOn": undefined,
      "deleted": false,
      "description": "",
      "displayName": "Support",
      "id": "360021738231",
      "name": "Support",
      "updatedAt": "2021-10-10T20:49:30Z",
      "url": "https://jupiterone-dev.zendesk.com/api/v2/groups/360021738231.json",
    },
  ],
  "collectedRelationships": Array [],
  "encounteredTypes": Array [
    "zendesk_account",
    "zendesk_group",
  ],
  "numCollectedEntities": 2,
  "numCollectedRelationships": 0,
}
`;
